---
source: latex2mmlc/tests/wiki_test.rs
expression: "\\succsim, \\succnsim, \\succapprox, \\succnapprox"
---
<math>
    <mo>≿</mo>
    <mo>,</mo>
    <mo>⋩</mo>
    <mo>,</mo>
    <mo>⪸</mo>
    <mo>,</mo>
    <mo>⪺</mo>
</math>
