---
source: latex2mmlc/tests/wiki_test.rs
expression: "\\overset{\\frown} {AB}"
---
<math>
    <mover>
        <mrow>
            <mi>A</mi>
            <mi>B</mi>
        </mrow>
        <mo>‚å¢</mo>
    </mover>
</math>
