---
source: latex2mmlc/tests/wiki_test.rs
expression: "V = \\frac{1}{6} \\pi h \\left [ 3 \\left ( r_1^2 + r_2^2 \\right ) + h^2 \\right ]"
---
<math>
    <mi>V</mi>
    <mo>=</mo>
    <mfrac>
        <mn>1</mn>
        <mn>6</mn>
    </mfrac>
    <mi>Ï€</mi>
    <mi>h</mi>
    <mrow>
        <mo stretchy="true">[</mo>
        <mrow>
            <mn>3</mn>
            <mrow>
                <mo stretchy="true">(</mo>
                <mrow>
                    <msubsup>
                        <mi>r</mi>
                        <mn>1</mn>
                        <mn>2</mn>
                    </msubsup>
                    <mo>+</mo>
                    <msubsup>
                        <mi>r</mi>
                        <mn>2</mn>
                        <mn>2</mn>
                    </msubsup>
                </mrow>
                <mo stretchy="true">)</mo>
            </mrow>
            <mo>+</mo>
            <msup>
                <mi>h</mi>
                <mn>2</mn>
            </msup>
        </mrow>
        <mo stretchy="true">]</mo>
    </mrow>
</math>
