---
source: latex2mmlc/tests/wiki_test.rs
expression: "\\begin{Vmatrix} x & y \\\\ z & v \\end{Vmatrix}"
---
<math>
    <mrow>
        <mo stretchy="true">‖</mo>
        <mtable>
            <mtr>
                <mtd>
                    <mi>x</mi>
                </mtd>
                <mtd>
                    <mi>y</mi>
                </mtd>
            </mtr>
            <mtr>
                <mtd>
                    <mi>z</mi>
                </mtd>
                <mtd>
                    <mi>v</mi>
                </mtd>
            </mtr>
        </mtable>
        <mo stretchy="true">‖</mo>
    </mrow>
</math>
