---
source: latex2mmlc/tests/wiki_test.rs
expression: "\\binom{n}{k}"
---
<math>
    <mrow>
        <mo stretchy="true">(</mo>
        <mfrac linethickness="0pt">
            <mi>n</mi>
            <mi>k</mi>
        </mfrac>
        <mo stretchy="true">)</mo>
    </mrow>
</math>
