---
source: latex2mmlc/tests/wiki_test.rs
expression: "\\dbinom{n}{k}"
---
<math>
    <mrow>
        <mo>(</mo>
        <mfrac linethickness="0pt" displaystyle="true">
            <mi>n</mi>
            <mi>k</mi>
        </mfrac>
        <mo>)</mo>
    </mrow>
</math>
