---
source: latex2mmlc/tests/wiki_test.rs
expression: "\\forall, \\exists, \\nexists"
---
<math>
    <mo>∀</mo>
    <mo>,</mo>
    <mo>∃</mo>
    <mo>,</mo>
    <mo>∄</mo>
</math>
