---
source: latex2mmlc/tests/wiki_test.rs
expression: "10^{10^{8}}"
---
<math>
    <msup>
        <mn>10</mn>
        <msup>
            <mn>10</mn>
            <mn>8</mn>
        </msup>
    </msup>
</math>
