---
source: latex2mmlc/tests/wiki_test.rs
expression: "\\vartriangle, \\triangledown"
---
<math>
    <mo>△</mo>
    <mo>,</mo>
    <mo>▽</mo>
</math>
