---
source: latex2mmlc/tests/wiki_test.rs
expression: "\\Leftarrow, \\nLeftarrow, \\Longleftarrow"
---
<math>
    <mo>⇐</mo>
    <mo>,</mo>
    <mo>⇍</mo>
    <mo>,</mo>
    <mo>⟸</mo>
</math>
