---
source: latex2mmlc/src/lib.rs
expression: "\\not< x"
---
<math>
    <mo>â‰®</mo>
    <mi>x</mi>
</math>
