---
source: latex2mmlc/src/lib.rs
expression: "f^{\\prime}"
---
<math>
    <msup>
        <mi>f</mi>
        <mo>â€²</mo>
    </msup>
</math>
