---
source: latex2mmlc/src/lib.rs
expression: "\\textbf{x}"
---
<math>
    <mtext>𝐱</mtext>
</math>
