---
source: latex2mmlc/src/lib.rs
expression: "\\left( x \\right."
---
<math>
    <mrow>
        <mo stretchy="true">(</mo>
        <mi>x</mi>
        <mo stretchy="true"></mo>
    </mrow>
</math>
